Led7Segment.h:19:6:shiftMatrixBufferRight	16	static
Led7Segment.h:42:6:clearCols	8	static
Led7Segment.h:52:6:clearRows	8	static
Led7Segment.h:62:6:setRow	16	static
Led7Segment.h:81:8:updateLEDMatrix	16	static
Led7Segment.h:125:6:display7SEG	16	static
main.c:108:8:update7SEG	16	static
main.c:68:5:main	56	static
main.c:125:8:updateClockBuffer	24	static
main.c:238:6:SystemClock_Config	72	static
main.c:274:13:MX_TIM2_Init	32	static
main.c:319:13:MX_GPIO_Init	40	static
main.c:380:6:HAL_TIM_PeriodElapsedCallback	16	static
main.c:392:6:Error_Handler	4	static,ignoring_inline_asm
