Led7Segment.h:18:6:clearCols	8	static
Led7Segment.h:28:6:clearRows	8	static
Led7Segment.h:38:6:setRow	16	static
Led7Segment.h:56:6:shiftMatrixBufferRight	24	static
Led7Segment.h:68:8:updateLEDMatrix	16	static
Led7Segment.h:112:6:display7SEG	16	static
main.c:108:8:update7SEG	16	static
main.c:68:5:main	56	static
main.c:125:8:updateClockBuffer	24	static
main.c:231:6:SystemClock_Config	72	static
main.c:267:13:MX_TIM2_Init	32	static
main.c:312:13:MX_GPIO_Init	40	static
main.c:373:6:HAL_TIM_PeriodElapsedCallback	16	static
main.c:385:6:Error_Handler	4	static,ignoring_inline_asm
